// Jest Snapshot v1, https://goo.gl/fbAQLP

exports[`Display Component dis 1`] = `
<div>
  <div
    class="display panel"
  >
    <div
      class="led green-led"
    >
      Unlocked
    </div>
    <div
      class="led green-led"
    >
      Open
    </div>
  </div>
</div>
`;

exports[`Display Component displays if gate is locked/unlocked 1`] = `
<div>
  <div
    class="display panel"
  >
    <div
      class="led green-led"
    >
      Unlocked
    </div>
    <div
      class="led green-led"
    >
      Open
    </div>
  </div>
</div>
`;

exports[`Display Component displays if gate is open/closed 1`] = `
<div>
  <div
    class="display panel"
  >
    <div
      class="led green-led"
    >
      Unlocked
    </div>
    <div
      class="led green-led"
    >
      Open
    </div>
  </div>
</div>
`;

exports[`Display Component displays if gate is open/closed 2`] = `
<div>
  <div
    class="display panel"
  >
    <div
      class="led green-led"
    >
      Unlocked
    </div>
    <div
      class="led green-led"
    >
      Open
    </div>
  </div>
</div>
`;

exports[`Display Component matches the snapshot 1`] = `
<div>
  <div
    class="display panel"
  >
    <div
      class="led green-led"
    >
      Unlocked
    </div>
    <div
      class="led green-led"
    >
      Open
    </div>
  </div>
</div>
`;

exports[`Display Component matches the snapshot 2`] = `
<div>
  <div
    class="display panel"
  >
    <div
      class="led green-led"
    >
      Unlocked
    </div>
    <div
      class="led green-led"
    >
      Open
    </div>
  </div>
</div>
`;
